Qm6Vn6xnFodGnYbH7j4F8xaAuleUlr3CxX6U